====================================================================================================
D1 FIT  arm=e18_rmd_mlp kind=rotated probe seed 20260916 lambdas [0.0001, 0.001, 0.01] (main 0.001)
====================================================================================================
  s42/t0: C-ID 0.0e+00 | ceiling 0.9595 deployed 0.2175 | own 0.9700 deploy 0.9690 shuf 0.0895 | old-frame own 0.8800 deploy 0.8670 | resid S 0.366 S' 0.520 | T' spread 8.81 mass 0.07 sig_d 0.001 | D_in 10.10 D_out 23.80 (D_out W^T max 1.7e-15) | F_enc +0.0695 relaid -0.0100 | refit-old vs ref +0.0000
  s42/t1: C-ID 0.0e+00 | ceiling 0.9675 deployed 0.3555 | own 0.9590 deploy 0.9610 shuf 0.0810 | old-frame own 0.9150 deploy 0.9075 | resid S 0.407 S' 0.515 | T' spread 9.72 mass 0.06 sig_d 0.000 | D_in 7.92 D_out 20.64 (D_out W^T max 2.5e-15) | F_enc +0.0515 relaid +0.0095 | refit-old vs ref +0.0000
  s42/t2: C-ID 0.0e+00 | ceiling 0.9740 deployed 0.6065 | own 0.9665 deploy 0.9665 shuf 0.0810 | old-frame own 0.9470 deploy 0.9480 | resid S 0.441 S' 0.494 | T' spread 7.64 mass 0.06 sig_d 0.002 | D_in 6.22 D_out 18.36 (D_out W^T max 1.5e-15) | F_enc +0.0315 relaid +0.0110 | refit-old vs ref +0.0000
  s42/t3: C-ID 0.0e+00 | ceiling 0.9675 deployed 0.9155 | own 0.9605 deploy 0.9630 shuf 0.1030 | old-frame own 0.9560 deploy 0.9545 | resid S 0.430 S' 0.428 | T' spread 7.82 mass 0.08 sig_d 0.001 | D_in 4.16 D_out 15.07 (D_out W^T max 1.3e-15) | F_enc +0.0095 relaid +0.0035 | refit-old vs ref +0.0000
  transfer (rows j = map, cols k = task; re-laid, h_k):
     0.970  0.963  0.963  0.955
     0.969  0.959  0.964  0.965
     0.968  0.964  0.967  0.963
     0.965  0.964  0.970  0.961
  wrote /runs/d1/e18_rmd_mlp/fits_seed42.npz, cells_seed42.json
  s1337/t0: C-ID 0.0e+00 | ceiling 0.9565 deployed 0.1675 | own 0.9700 deploy 0.9660 shuf 0.0870 | old-frame own 0.8915 deploy 0.8915 | resid S 0.373 S' 0.511 | T' spread 8.57 mass 0.05 sig_d 0.001 | D_in 8.71 D_out 23.10 (D_out W^T max 1.4e-15) | F_enc +0.0685 relaid -0.0020 | refit-old vs ref +0.0000
  s1337/t1: C-ID 0.0e+00 | ceiling 0.9775 deployed 0.3055 | own 0.9730 deploy 0.9700 shuf 0.1150 | old-frame own 0.9270 deploy 0.9245 | resid S 0.405 S' 0.493 | T' spread 8.66 mass 0.06 sig_d 0.001 | D_in 7.89 D_out 20.67 (D_out W^T max 2.5e-15) | F_enc +0.0465 relaid +0.0080 | refit-old vs ref +0.0000
  s1337/t2: C-ID 0.0e+00 | ceiling 0.9740 deployed 0.6215 | own 0.9710 deploy 0.9715 shuf 0.0820 | old-frame own 0.9405 deploy 0.9360 | resid S 0.421 S' 0.473 | T' spread 9.42 mass 0.06 sig_d 0.000 | D_in 6.39 D_out 18.72 (D_out W^T max 1.8e-15) | F_enc +0.0235 relaid +0.0070 | refit-old vs ref +0.0000
  s1337/t3: C-ID 0.0e+00 | ceiling 0.9700 deployed 0.9175 | own 0.9665 deploy 0.9655 shuf 0.1045 | old-frame own 0.9600 deploy 0.9615 | resid S 0.439 S' 0.433 | T' spread 7.45 mass 0.07 sig_d 0.001 | D_in 3.96 D_out 15.18 (D_out W^T max 1.3e-15) | F_enc +0.0105 relaid +0.0045 | refit-old vs ref +0.0000
  transfer (rows j = map, cols k = task; re-laid, h_k):
     0.970  0.965  0.966  0.959
     0.969  0.973  0.970  0.964
     0.970  0.972  0.971  0.970
     0.969  0.972  0.971  0.967
  wrote /runs/d1/e18_rmd_mlp/fits_seed1337.npz, cells_seed1337.json
  s2024/t0: C-ID 0.0e+00 | ceiling 0.9505 deployed 0.2010 | own 0.9630 deploy 0.9620 shuf 0.1170 | old-frame own 0.8660 deploy 0.8500 | resid S 0.387 S' 0.529 | T' spread 9.80 mass 0.05 sig_d 0.000 | D_in 8.98 D_out 22.94 (D_out W^T max 1.3e-15) | F_enc +0.0725 relaid -0.0050 | refit-old vs ref +0.0000
  s2024/t1: C-ID 0.0e+00 | ceiling 0.9705 deployed 0.3345 | own 0.9670 deploy 0.9685 shuf 0.0880 | old-frame own 0.9145 deploy 0.9190 | resid S 0.424 S' 0.521 | T' spread 11.92 mass 0.06 sig_d 0.000 | D_in 7.20 D_out 20.39 (D_out W^T max 1.8e-15) | F_enc +0.0425 relaid +0.0040 | refit-old vs ref +0.0000
  s2024/t2: C-ID 0.0e+00 | ceiling 0.9710 deployed 0.5850 | own 0.9670 deploy 0.9675 shuf 0.0935 | old-frame own 0.9420 deploy 0.9400 | resid S 0.443 S' 0.498 | T' spread 7.51 mass 0.06 sig_d 0.002 | D_in 5.97 D_out 18.39 (D_out W^T max 1.7e-15) | F_enc +0.0290 relaid +0.0125 | refit-old vs ref +0.0000
  s2024/t3: C-ID 0.0e+00 | ceiling 0.9705 deployed 0.9130 | own 0.9665 deploy 0.9670 shuf 0.1210 | old-frame own 0.9560 deploy 0.9555 | resid S 0.447 S' 0.448 | T' spread 8.94 mass 0.07 sig_d 0.000 | D_in 4.16 D_out 15.24 (D_out W^T max 1.2e-15) | F_enc +0.0090 relaid +0.0090 | refit-old vs ref +0.0000
  transfer (rows j = map, cols k = task; re-laid, h_k):
     0.963  0.962  0.965  0.959
     0.960  0.967  0.969  0.967
     0.965  0.972  0.967  0.968
     0.966  0.971  0.967  0.967
  wrote /runs/d1/e18_rmd_mlp/fits_seed2024.npz, cells_seed2024.json
