====================================================================================================
D1 FIT  arm=s72_off kind=har_subject probe seed 20260916 lambdas [0.0001, 0.001, 0.01] (main 0.001)
====================================================================================================
  har_subject partition 1104af185c87 -> AS-EXECUTED
  s42/t0: C-ID 0.0e+00 | ceiling 0.8460 deployed 0.5037 | own 0.7457 deploy 0.6797 shuf 0.1394 | old-frame own 0.6601 deploy 0.5868 | resid S 0.584 S' 0.602 | T' spread 11.74 mass 0.05 sig_d 0.000 | D_in 42.29 D_out 68.63 (D_out W^T max 7.4e-15) | F_enc +0.1589 relaid +0.0660 | refit-old vs ref +0.0000
  s42/t1: C-ID 0.0e+00 | ceiling 0.7849 deployed 0.4506 | own 0.8343 deploy 0.8372 shuf 0.0523 | old-frame own 0.6686 deploy 0.6599 | resid S 0.631 S' 0.733 | T' spread 12.70 mass 0.04 sig_d 0.000 | D_in 29.67 D_out 51.32 (D_out W^T max 6.5e-15) | F_enc +0.0465 relaid -0.1017 | refit-old vs ref +0.0000
  s42/t2: C-ID 0.0e+00 | ceiling 0.9872 deployed 0.4796 | own 0.9464 deploy 0.9464 shuf 0.1735 | old-frame own 0.7806 deploy 0.7959 | resid S 0.450 S' 0.658 | T' spread 12.26 mass 0.05 sig_d 0.000 | D_in 27.52 D_out 51.81 (D_out W^T max 5.3e-15) | F_enc +0.2066 relaid -0.0051 | refit-old vs ref +0.0000
  s42/t3: C-ID 0.0e+00 | ceiling 0.9843 deployed 0.7728 | own 0.9243 deploy 0.9295 shuf 0.2272 | old-frame own 0.9817 deploy 0.9922 | resid S 0.461 S' 0.445 | T' spread 12.41 mass 0.04 sig_d 0.000 | D_in 18.65 D_out 41.72 (D_out W^T max 9.9e-15) | F_enc +0.0496 relaid +0.0705 | refit-old vs ref +0.0000
  transfer (rows j = map, cols k = task; re-laid, h_k):
     0.746  0.834  0.809  0.890
     0.724  0.834  0.929  0.856
     0.746  0.881  0.946  0.901
     0.553  0.997  0.946  0.924
  wrote /runs/d1/s72_off/fits_seed42.npz, cells_seed42.json
  s1337/t0: C-ID 0.0e+00 | ceiling 0.7335 deployed 0.3667 | own 0.8215 deploy 0.7506 shuf 0.1711 | old-frame own 0.5623 deploy 0.5257 | resid S 0.584 S' 0.695 | T' spread 11.10 mass 0.05 sig_d 0.001 | D_in 38.47 D_out 65.74 (D_out W^T max 5.7e-15) | F_enc +0.1076 relaid -0.0807 | refit-old vs ref +0.0000
  s1337/t1: C-ID 0.0e+00 | ceiling 0.9012 deployed 0.2791 | own 0.9099 deploy 0.9099 shuf 0.2587 | old-frame own 0.7994 deploy 0.8314 | resid S 0.269 S' 0.628 | T' spread 11.15 mass 0.04 sig_d 0.000 | D_in 25.88 D_out 46.75 (D_out W^T max 8.1e-15) | F_enc +0.1308 relaid -0.0087 | refit-old vs ref +0.0000
  s1337/t2: C-ID 0.0e+00 | ceiling 0.8342 deployed 0.4133 | own 0.9209 deploy 0.9286 shuf 0.0791 | old-frame own 0.7832 deploy 0.7908 | resid S 0.296 S' 0.522 | T' spread 12.43 mass 0.05 sig_d 0.000 | D_in 34.36 D_out 53.56 (D_out W^T max 8.7e-15) | F_enc +0.0332 relaid -0.0969 | refit-old vs ref +0.0000
  s1337/t3: C-ID 0.0e+00 | ceiling 0.8512 deployed 0.7023 | own 0.8590 deploy 0.8590 shuf 0.1332 | old-frame own 0.8825 deploy 0.8877 | resid S 0.358 S' 0.408 | T' spread 11.65 mass 0.05 sig_d 0.000 | D_in 22.69 D_out 45.32 (D_out W^T max 5.4e-15) | F_enc -0.0078 relaid -0.0078 | refit-old vs ref +0.0000
  transfer (rows j = map, cols k = task; re-laid, h_k):
     0.822  0.953  0.939  0.916
     0.804  0.910  0.875  0.822
     0.619  0.843  0.921  0.935
     0.768  0.951  0.926  0.859
  wrote /runs/d1/s72_off/fits_seed1337.npz, cells_seed1337.json
  s2024/t0: C-ID 0.0e+00 | ceiling 0.6944 deployed 0.3203 | own 0.7628 deploy 0.7311 shuf 0.2494 | old-frame own 0.6161 deploy 0.5868 | resid S 0.522 S' 0.687 | T' spread 10.51 mass 0.05 sig_d 0.001 | D_in 36.45 D_out 59.76 (D_out W^T max 5.3e-15) | F_enc +0.1149 relaid +0.0293 | refit-old vs ref +0.0000
  s2024/t1: C-ID 0.0e+00 | ceiling 0.8459 deployed 0.2326 | own 0.8459 deploy 0.7791 shuf 0.1802 | old-frame own 0.7791 deploy 0.6831 | resid S 0.397 S' 0.575 | T' spread 11.84 mass 0.04 sig_d 0.000 | D_in 35.39 D_out 50.43 (D_out W^T max 5.5e-15) | F_enc +0.0581 relaid +0.0087 | refit-old vs ref +0.0000
  s2024/t2: C-ID 0.0e+00 | ceiling 0.9209 deployed 0.2704 | own 0.9898 deploy 0.9872 shuf 0.2959 | old-frame own 0.8444 deploy 0.8342 | resid S 0.436 S' 0.544 | T' spread 10.31 mass 0.05 sig_d 0.001 | D_in 25.39 D_out 43.94 (D_out W^T max 6.1e-15) | F_enc +0.1301 relaid -0.0867 | refit-old vs ref +0.0000
  s2024/t3: C-ID 0.0e+00 | ceiling 0.8512 deployed 0.8068 | own 0.8355 deploy 0.8407 shuf 0.1410 | old-frame own 0.8381 deploy 0.8381 | resid S 0.373 S' 0.394 | T' spread 10.67 mass 0.05 sig_d 0.001 | D_in 28.59 D_out 40.75 (D_out W^T max 1.5e-14) | F_enc +0.0183 relaid +0.0157 | refit-old vs ref +0.0000
  transfer (rows j = map, cols k = task; re-laid, h_k):
     0.763  0.933  0.934  0.922
     0.653  0.846  0.944  0.838
     0.768  0.869  0.990  0.927
     0.782  0.866  0.936  0.836
  wrote /runs/d1/s72_off/fits_seed2024.npz, cells_seed2024.json
