====================================================================================================
E12 DECOMPOSITION — arm=base seed=1337 device=cuda
====================================================================================================
  checkpoints: runs/ckpt_e12_base_seed1337/mafc_seed1337
  class order fingerprint f578703face8

----------------------------------------------------------------------------------------------------
P3 GATES (re-fired on the trained ViT checkpoints, not inherited)
----------------------------------------------------------------------------------------------------
    P3a control fired: P3a FAILED CONTROL: head(captured_feature) != deployed_logits (max |delta| = 6.990e+01)...
    P3b control fired: P3b FAILED CONTROL: task 0 was scored by a different module (id 46824935892496 vs head 0 id 4682...
  both positive controls FIRED on the ViT path
  T0  ceil 0.9580 orig 0.1620 refit 0.9280 refit_ceil 0.9820 | R +0.0240 F_enc +0.0540 F_read +0.7660 share  93.4% | id 0.0e+00 | fp16 d +0.0000  (39s)
  T1  ceil 0.9800 orig 0.4060 refit 0.9480 refit_ceil 0.9900 | R +0.0100 F_enc +0.0420 F_read +0.5420 share  92.8% | id 0.0e+00 | fp16 d +0.0000  (79s)
  T2  ceil 0.9400 orig 0.2200 refit 0.7980 refit_ceil 0.9420 | R +0.0020 F_enc +0.1440 F_read +0.5780 share  80.1% | id 0.0e+00 | fp16 d -0.0000  (114s)
  T3  ceil 0.9720 orig 0.1000 refit 0.9280 refit_ceil 0.9820 | R +0.0100 F_enc +0.0540 F_read +0.8280 share  93.9% | id 0.0e+00 | fp16 d +0.0000  (155s)
  T4  ceil 0.9740 orig 0.2960 refit 0.9620 refit_ceil 0.9860 | R +0.0120 F_enc +0.0240 F_read +0.6660 share  96.5% | id 0.0e+00 | fp16 d -0.0000  (192s)
  T5  ceil 0.8940 orig 0.3160 refit 0.8240 refit_ceil 0.9000 | R +0.0060 F_enc +0.0760 F_read +0.5080 share  87.0% | id 0.0e+00 | fp16 d -0.0000  (230s)
  T6  ceil 0.9520 orig 0.2220 refit 0.8740 refit_ceil 0.9560 | R +0.0040 F_enc +0.0820 F_read +0.6520 share  88.8% | id 0.0e+00 | fp16 d +0.0000  (270s)
  T7  ceil 0.9400 orig 0.1760 refit 0.8460 refit_ceil 0.9480 | R +0.0080 F_enc +0.1020 F_read +0.6700 share  86.8% | id 0.0e+00 | fp16 d -0.0000  (313s)
  T8  ceil 0.9560 orig 0.0720 refit 0.9260 refit_ceil 0.9680 | R +0.0120 F_enc +0.0420 F_read +0.8540 share  95.3% | id 0.0e+00 | fp16 d -0.0000  (355s)
  T9  ceil 0.9660 orig 0.0940 refit 0.9220 refit_ceil 0.9720 | R +0.0060 F_enc +0.0500 F_read +0.8280 share  94.3% | id 0.0e+00 | fp16 d +0.0000  (394s)
  T10 ceil 0.9600 orig 0.0740 refit 0.9160 refit_ceil 0.9640 | R +0.0040 F_enc +0.0480 F_read +0.8420 share  94.6% | id 0.0e+00 | fp16 d -0.0000  (434s)
  T11 ceil 0.8940 orig 0.1860 refit 0.8540 refit_ceil 0.9060 | R +0.0120 F_enc +0.0520 F_read +0.6680 share  92.8% | id 0.0e+00 | fp16 d -0.0000  (472s)
  T12 ceil 0.9140 orig 0.2720 refit 0.8620 refit_ceil 0.9280 | R +0.0140 F_enc +0.0660 F_read +0.5900 share  89.9% | id 0.0e+00 | fp16 d -0.0000  (517s)
  T13 ceil 0.9020 orig 0.1900 refit 0.8980 refit_ceil 0.9480 | R +0.0460 F_enc +0.0500 F_read +0.7080 share  93.4% | id 0.0e+00 | fp16 d +0.0000  (560s)
  T14 ceil 0.9540 orig 0.1440 refit 0.9460 refit_ceil 0.9580 | R +0.0040 F_enc +0.0120 F_read +0.8020 share  98.5% | id 0.0e+00 | fp16 d -0.0000  (602s)
  T15 ceil 0.8940 orig 0.1500 refit 0.8640 refit_ceil 0.9180 | R +0.0240 F_enc +0.0540 F_read +0.7140 share  93.0% | id 0.0e+00 | fp16 d -0.0000  (639s)
  T16 ceil 0.9180 orig 0.1920 refit 0.8880 refit_ceil 0.9300 | R +0.0120 F_enc +0.0420 F_read +0.6960 share  94.3% | id 0.0e+00 | fp16 d -0.0000  (682s)
  T17 ceil 0.9280 orig 0.3140 refit 0.9360 refit_ceil 0.9500 | R +0.0220 F_enc +0.0140 F_read +0.6220 share  97.8% | id 0.0e+00 | fp16 d -0.0000  (721s)
  T18 ceil 0.9360 orig 0.5540 refit 0.9120 refit_ceil 0.9380 | R +0.0020 F_enc +0.0260 F_read +0.3580 share  93.2% | id 0.0e+00 | fp16 d -0.0000  (763s)

====================================================================================================
  identity   max |F_enc + F_read - R - F_total| = 0.00e+00 -> OK
  P3a        max |head(feature) - logits| = 0.00e+00
  fp16 reload delta vs stored boundary: mean -0.00000  max |d| 0.00000  (boundary-time value is authoritative)
  R (pooled) +0.0123 vs bar 0.05 -> PASS
  F_total 0.7206  F_enc 0.0544  F_read 0.6785  reader share 92.6%
  task-0: ceiling 0.9580 -> deployed 0.1620 -> REFIT 0.9280
  wrote /runs/e12_decomp_v2/base_1337.json
