====================================================================================================
E12 DECOMPOSITION — arm=base seed=7 device=cuda
====================================================================================================
  checkpoints: runs/ckpt_e12_base_seed7/mafc_seed7
  class order fingerprint ecaa61aa1c21

----------------------------------------------------------------------------------------------------
P3 GATES (re-fired on the trained ViT checkpoints, not inherited)
----------------------------------------------------------------------------------------------------
    P3a control fired: P3a FAILED CONTROL: head(captured_feature) != deployed_logits (max |delta| = 6.693e+01)...
    P3b control fired: P3b FAILED CONTROL: task 0 was scored by a different module (id 47004233241424 vs head 0 id 4700...
  both positive controls FIRED on the ViT path
  T0  ceil 0.9400 orig 0.2120 refit 0.8520 refit_ceil 0.9740 | R +0.0340 F_enc +0.1220 F_read +0.6400 share  84.0% | id 0.0e+00 | fp16 d -0.0000  (42s)
  T1  ceil 0.9560 orig 0.1960 refit 0.8660 refit_ceil 0.9720 | R +0.0160 F_enc +0.1060 F_read +0.6700 share  86.3% | id 0.0e+00 | fp16 d -0.0000  (80s)
  T2  ceil 0.9740 orig 0.1480 refit 0.9120 refit_ceil 0.9760 | R +0.0020 F_enc +0.0640 F_read +0.7640 share  92.3% | id 0.0e+00 | fp16 d -0.0000  (119s)
  T3  ceil 0.9420 orig 0.2280 refit 0.8760 refit_ceil 0.9600 | R +0.0180 F_enc +0.0840 F_read +0.6480 share  88.5% | id 0.0e+00 | fp16 d -0.0000  (157s)
  T4  ceil 0.9740 orig 0.1780 refit 0.8760 refit_ceil 0.9760 | R +0.0020 F_enc +0.1000 F_read +0.6980 share  87.5% | id 0.0e+00 | fp16 d -0.0000  (193s)
  T5  ceil 0.9260 orig 0.2560 refit 0.8780 refit_ceil 0.9440 | R +0.0180 F_enc +0.0660 F_read +0.6220 share  90.4% | id 0.0e+00 | fp16 d -0.0000  (234s)
  T6  ceil 0.8960 orig 0.2020 refit 0.8800 refit_ceil 0.9740 | R +0.0780 F_enc +0.0940 F_read +0.6780 share  87.8% | id 0.0e+00 | fp16 d +0.0000  (274s)
  T7  ceil 0.9380 orig 0.1980 refit 0.8720 refit_ceil 0.9580 | R +0.0200 F_enc +0.0860 F_read +0.6740 share  88.7% | id 0.0e+00 | fp16 d +0.0000  (311s)
  T8  ceil 0.9540 orig 0.2960 refit 0.9480 refit_ceil 0.9640 | R +0.0100 F_enc +0.0160 F_read +0.6520 share  97.6% | id 0.0e+00 | fp16 d -0.0000  (354s)
  T9  ceil 0.9320 orig 0.2000 refit 0.8800 refit_ceil 0.9320 | R +0.0000 F_enc +0.0520 F_read +0.6800 share  92.9% | id 0.0e+00 | fp16 d -0.0000  (393s)
  T10 ceil 0.9220 orig 0.2060 refit 0.8900 refit_ceil 0.9420 | R +0.0200 F_enc +0.0520 F_read +0.6840 share  92.9% | id 0.0e+00 | fp16 d -0.0000  (434s)
  T11 ceil 0.9120 orig 0.2960 refit 0.8360 refit_ceil 0.9380 | R +0.0260 F_enc +0.1020 F_read +0.5400 share  84.1% | id 0.0e+00 | fp16 d +0.0000  (479s)
  T12 ceil 0.9120 orig 0.1580 refit 0.8420 refit_ceil 0.9300 | R +0.0180 F_enc +0.0880 F_read +0.6840 share  88.6% | id 0.0e+00 | fp16 d +0.0000  (516s)
  T13 ceil 0.9480 orig 0.2040 refit 0.9140 refit_ceil 0.9600 | R +0.0120 F_enc +0.0460 F_read +0.7100 share  93.9% | id 0.0e+00 | fp16 d +0.0000  (553s)
  T14 ceil 0.9080 orig 0.2200 refit 0.9040 refit_ceil 0.9340 | R +0.0260 F_enc +0.0300 F_read +0.6840 share  95.8% | id 0.0e+00 | fp16 d -0.0000  (592s)
  T15 ceil 0.9040 orig 0.2600 refit 0.8840 refit_ceil 0.9200 | R +0.0160 F_enc +0.0360 F_read +0.6240 share  94.5% | id 0.0e+00 | fp16 d -0.0000  (633s)
  T16 ceil 0.9520 orig 0.0920 refit 0.8920 refit_ceil 0.9560 | R +0.0040 F_enc +0.0640 F_read +0.8000 share  92.6% | id 0.0e+00 | fp16 d +0.0000  (677s)
  T17 ceil 0.9440 orig 0.2420 refit 0.8780 refit_ceil 0.9400 | R -0.0040 F_enc +0.0620 F_read +0.6360 share  91.1% | id 0.0e+00 | fp16 d +0.0000  (716s)
  T18 ceil 0.9440 orig 0.1500 refit 0.9220 refit_ceil 0.9520 | R +0.0080 F_enc +0.0300 F_read +0.7720 share  96.3% | id 0.0e+00 | fp16 d +0.0000  (755s)

====================================================================================================
  identity   max |F_enc + F_read - R - F_total| = 0.00e+00 -> OK
  P3a        max |head(feature) - logits| = 0.00e+00
  fp16 reload delta vs stored boundary: mean -0.00000  max |d| 0.00000  (boundary-time value is authoritative)
  R (pooled) +0.0171 vs bar 0.05 -> PASS
  F_total 0.7282  F_enc 0.0684  F_read 0.6768  reader share 90.8%
  task-0: ceiling 0.9400 -> deployed 0.2120 -> REFIT 0.8520
  wrote /runs/e12_decomp_v2/base_7.json
