====================================================================================================
D1 FIT  arm=e18_pmd_mlp kind=permuted probe seed 20260916 lambdas [0.0001, 0.001, 0.01] (main 0.001)
====================================================================================================
  s42/t0: C-ID 0.0e+00 | ceiling 0.9610 deployed 0.6030 | own 0.9675 deploy 0.9645 shuf 0.0870 | old-frame own 0.9230 deploy 0.9035 | resid S 0.364 S' 0.435 | T' spread 8.47 mass 0.05 sig_d 0.001 | D_in 6.77 D_out 20.39 (D_out W^T max 1.7e-15) | F_enc +0.0415 relaid -0.0015 | refit-old vs ref +0.0000
  s42/t1: C-ID 0.0e+00 | ceiling 0.9615 deployed 0.5535 | own 0.9595 deploy 0.9585 shuf 0.1035 | old-frame own 0.9245 deploy 0.9215 | resid S 0.393 S' 0.433 | T' spread 7.91 mass 0.05 sig_d 0.001 | D_in 5.65 D_out 18.90 (D_out W^T max 1.7e-15) | F_enc +0.0370 relaid +0.0150 | refit-old vs ref +0.0000
  s42/t2: C-ID 0.0e+00 | ceiling 0.9650 deployed 0.8760 | own 0.9610 deploy 0.9630 shuf 0.1210 | old-frame own 0.9535 deploy 0.9485 | resid S 0.477 S' 0.445 | T' spread 8.39 mass 0.05 sig_d 0.001 | D_in 4.60 D_out 17.35 (D_out W^T max 2.3e-15) | F_enc +0.0100 relaid +0.0120 | refit-old vs ref +0.0000
  s42/t3: C-ID 0.0e+00 | ceiling 0.9610 deployed 0.9375 | own 0.9585 deploy 0.9605 shuf 0.1145 | old-frame own 0.9510 deploy 0.9500 | resid S 0.443 S' 0.371 | T' spread 9.78 mass 0.07 sig_d 0.000 | D_in 3.49 D_out 14.85 (D_out W^T max 1.2e-15) | F_enc +0.0080 relaid +0.0070 | refit-old vs ref +0.0000
  transfer (rows j = map, cols k = task; re-laid, h_k):
     0.968  0.955  0.961  0.951
     0.966  0.960  0.961  0.953
     0.954  0.945  0.961  0.959
     0.947  0.943  0.962  0.959
  wrote /runs/d1/e18_pmd_mlp/fits_seed42.npz, cells_seed42.json
  s1337/t0: C-ID 0.0e+00 | ceiling 0.9565 deployed 0.5715 | own 0.9575 deploy 0.9545 shuf 0.0950 | old-frame own 0.9205 deploy 0.9280 | resid S 0.369 S' 0.415 | T' spread 8.91 mass 0.05 sig_d 0.001 | D_in 6.77 D_out 19.10 (D_out W^T max 1.2e-15) | F_enc +0.0295 relaid +0.0065 | refit-old vs ref +0.0000
  s1337/t1: C-ID 0.0e+00 | ceiling 0.9640 deployed 0.7580 | own 0.9665 deploy 0.9695 shuf 0.1075 | old-frame own 0.9405 deploy 0.9410 | resid S 0.426 S' 0.421 | T' spread 8.15 mass 0.05 sig_d 0.001 | D_in 5.55 D_out 17.42 (D_out W^T max 1.3e-15) | F_enc +0.0220 relaid +0.0050 | refit-old vs ref +0.0000
  s1337/t2: C-ID 0.0e+00 | ceiling 0.9665 deployed 0.8565 | own 0.9580 deploy 0.9560 shuf 0.0895 | old-frame own 0.9495 deploy 0.9500 | resid S 0.408 S' 0.373 | T' spread 8.45 mass 0.06 sig_d 0.001 | D_in 5.65 D_out 17.14 (D_out W^T max 1.5e-15) | F_enc +0.0150 relaid +0.0105 | refit-old vs ref +0.0000
  s1337/t3: C-ID 0.0e+00 | ceiling 0.9615 deployed 0.9280 | own 0.9610 deploy 0.9605 shuf 0.0875 | old-frame own 0.9515 deploy 0.9525 | resid S 0.401 S' 0.319 | T' spread 8.45 mass 0.08 sig_d 0.001 | D_in 3.95 D_out 14.40 (D_out W^T max 1.5e-15) | F_enc +0.0085 relaid +0.0025 | refit-old vs ref +0.0000
  transfer (rows j = map, cols k = task; re-laid, h_k):
     0.958  0.968  0.953  0.956
     0.952  0.967  0.959  0.960
     0.959  0.967  0.958  0.964
     0.957  0.967  0.962  0.961
  wrote /runs/d1/e18_pmd_mlp/fits_seed1337.npz, cells_seed1337.json
  s2024/t0: C-ID 0.0e+00 | ceiling 0.9580 deployed 0.6680 | own 0.9605 deploy 0.9600 shuf 0.1095 | old-frame own 0.9220 deploy 0.9155 | resid S 0.376 S' 0.428 | T' spread 8.34 mass 0.05 sig_d 0.001 | D_in 6.28 D_out 19.06 (D_out W^T max 1.3e-15) | F_enc +0.0335 relaid -0.0030 | refit-old vs ref -0.0005
  s2024/t1: C-ID 0.0e+00 | ceiling 0.9620 deployed 0.6780 | own 0.9605 deploy 0.9640 shuf 0.0935 | old-frame own 0.9320 deploy 0.9290 | resid S 0.397 S' 0.404 | T' spread 8.06 mass 0.05 sig_d 0.001 | D_in 5.61 D_out 18.35 (D_out W^T max 1.1e-15) | F_enc +0.0275 relaid +0.0085 | refit-old vs ref +0.0000
  s2024/t2: C-ID 0.0e+00 | ceiling 0.9625 deployed 0.8805 | own 0.9550 deploy 0.9540 shuf 0.1030 | old-frame own 0.9500 deploy 0.9460 | resid S 0.447 S' 0.410 | T' spread 8.20 mass 0.06 sig_d 0.001 | D_in 4.27 D_out 16.02 (D_out W^T max 1.2e-15) | F_enc +0.0120 relaid +0.0125 | refit-old vs ref +0.0000
  s2024/t3: C-ID 0.0e+00 | ceiling 0.9615 deployed 0.9010 | own 0.9605 deploy 0.9595 shuf 0.1410 | old-frame own 0.9555 deploy 0.9535 | resid S 0.416 S' 0.334 | T' spread 8.94 mass 0.07 sig_d 0.000 | D_in 3.81 D_out 14.26 (D_out W^T max 1.4e-15) | F_enc +0.0015 relaid +0.0100 | refit-old vs ref +0.0000
  transfer (rows j = map, cols k = task; re-laid, h_k):
     0.961  0.955  0.955  0.954
     0.956  0.961  0.956  0.957
     0.943  0.948  0.955  0.962
     0.940  0.948  0.957  0.961
  wrote /runs/d1/e18_pmd_mlp/fits_seed2024.npz, cells_seed2024.json
