====================================================================================================
D1 PRETRAINED  arm=e14_base seed=42 ckpt /runs/ckpt_e14_base_seed42/mafc_seed42 ref /runs/e14_decomp/base_42.json
====================================================================================================
  arm identity: per-task heads, adapters off, era checkpoints, benchmark cifar100 (artifact)
  t 0: C-ID 0.0e+00 | ceiling 0.9080 deployed 0.1160 F_frozen +0.7920 | own 0.8320 shuf 0.1960 | resid S' 0.993 | T' spread 41.46 mass 0.04 n<0.5 901/2048 | D_in 85.78 D_out 189.96 (D_out W^T max 7.2e-16)
  t 1: C-ID 0.0e+00 | ceiling 0.9500 deployed 0.1520 F_frozen +0.7980 | own 0.8700 shuf 0.2240 | resid S' 0.861 | T' spread 13.68 mass 0.05 n<0.5 921/2048 | D_in 901.64 D_out 1560.08 (D_out W^T max 6.0e-14)
  t 2: C-ID 0.0e+00 | ceiling 0.8420 deployed 0.2200 F_frozen +0.6220 | own 0.7820 shuf 0.2040 | resid S' 0.973 | T' spread 14.22 mass 0.05 n<0.5 925/2048 | D_in 133.56 D_out 686.54 (D_out W^T max 1.1e-14)
  t 3: C-ID 0.0e+00 | ceiling 0.9320 deployed 0.2760 F_frozen +0.6560 | own 0.8000 shuf 0.2080 | resid S' 0.879 | T' spread 15.13 mass 0.05 n<0.5 928/2048 | D_in 96.99 D_out 178.04 (D_out W^T max 2.6e-15)
  t 4: C-ID 0.0e+00 | ceiling 0.8740 deployed 0.1160 F_frozen +0.7580 | own 0.8020 shuf 0.2160 | resid S' 0.906 | T' spread 13.88 mass 0.05 n<0.5 905/2048 | D_in 193.40 D_out 281.74 (D_out W^T max 1.0e-14)
  t 5: C-ID 0.0e+00 | ceiling 0.9340 deployed 0.1680 F_frozen +0.7660 | own 0.8560 shuf 0.2060 | resid S' 0.787 | T' spread 13.31 mass 0.05 n<0.5 862/2048 | D_in 187.02 D_out 276.54 (D_out W^T max 4.9e-15)
  t 6: C-ID 0.0e+00 | ceiling 0.9760 deployed 0.2900 F_frozen +0.6860 | own 0.9100 shuf 0.2200 | resid S' 0.696 | T' spread 13.40 mass 0.05 n<0.5 850/2048 | D_in 614.32 D_out 1132.61 (D_out W^T max 4.1e-14)
  t 7: C-ID 0.0e+00 | ceiling 0.9360 deployed 0.2300 F_frozen +0.7060 | own 0.8360 shuf 0.1960 | resid S' 0.798 | T' spread 42.90 mass 0.05 n<0.5 869/2048 | D_in 266.30 D_out 519.28 (D_out W^T max 1.3e-14)
  t 8: C-ID 0.0e+00 | ceiling 0.9560 deployed 0.3520 F_frozen +0.6040 | own 0.8540 shuf 0.1960 | resid S' 0.760 | T' spread 31.94 mass 0.05 n<0.5 869/2048 | D_in 113.89 D_out 210.01 (D_out W^T max 2.0e-15)
  t 9: C-ID 0.0e+00 | ceiling 0.8800 deployed 0.2960 F_frozen +0.5840 | own 0.8180 shuf 0.2080 | resid S' 0.765 | T' spread 32.01 mass 0.05 n<0.5 863/2048 | D_in 197.51 D_out 629.07 (D_out W^T max 7.1e-15)
  t10: C-ID 0.0e+00 | ceiling 0.9740 deployed 0.2120 F_frozen +0.7620 | own 0.8840 shuf 0.2020 | resid S' 0.669 | T' spread 13.61 mass 0.05 n<0.5 832/2048 | D_in 221.00 D_out 622.32 (D_out W^T max 1.6e-14)
  t11: C-ID 0.0e+00 | ceiling 0.9140 deployed 0.1840 F_frozen +0.7300 | own 0.8400 shuf 0.2120 | resid S' 0.703 | T' spread 32.24 mass 0.05 n<0.5 824/2048 | D_in 8928.07 D_out 16035.46 (D_out W^T max 4.0e-13)
  t12: C-ID 0.0e+00 | ceiling 0.9640 deployed 0.2460 F_frozen +0.7180 | own 0.9120 shuf 0.2040 | resid S' 0.622 | T' spread 13.60 mass 0.05 n<0.5 800/2048 | D_in 592.48 D_out 2235.22 (D_out W^T max 6.9e-14)
  t13: C-ID 0.0e+00 | ceiling 0.9720 deployed 0.2760 F_frozen +0.6960 | own 0.9300 shuf 0.1860 | resid S' 0.639 | T' spread 13.66 mass 0.05 n<0.5 796/2048 | D_in 569.20 D_out 930.35 (D_out W^T max 4.2e-14)
  t14: C-ID 0.0e+00 | ceiling 0.9520 deployed 0.2540 F_frozen +0.6980 | own 0.9000 shuf 0.2000 | resid S' 0.616 | T' spread 38.57 mass 0.05 n<0.5 782/2048 | D_in 230.52 D_out 397.04 (D_out W^T max 6.7e-15)
  t15: C-ID 0.0e+00 | ceiling 0.9580 deployed 0.2960 F_frozen +0.6620 | own 0.9220 shuf 0.1840 | resid S' 0.606 | T' spread 13.55 mass 0.05 n<0.5 779/2048 | D_in 255.56 D_out 464.07 (D_out W^T max 1.7e-14)
  t16: C-ID 0.0e+00 | ceiling 0.9460 deployed 0.1980 F_frozen +0.7480 | own 0.9020 shuf 0.1880 | resid S' 0.622 | T' spread 42.65 mass 0.05 n<0.5 789/2048 | D_in 125.99 D_out 359.53 (D_out W^T max 4.5e-15)
  t17: C-ID 0.0e+00 | ceiling 0.9820 deployed 0.3400 F_frozen +0.6420 | own 0.9780 shuf 0.1900 | resid S' 0.512 | T' spread 13.00 mass 0.06 n<0.5 758/2048 | D_in 1308.51 D_out 1749.32 (D_out W^T max 4.6e-14)
  t18: C-ID 0.0e+00 | ceiling 0.9540 deployed 0.6380 F_frozen +0.3160 | own 0.9500 shuf 0.1860 | resid S' 0.475 | T' spread 42.26 mass 0.06 n<0.5 774/2048 | D_in 3961.04 D_out 6014.24 (D_out W^T max 2.0e-13)
  wrote /runs/d1/e14_base/cells_seed42.json  (C-ID max 0.0e+00)
