====================================================================================================
D1 PRETRAINED  arm=e14_base seed=2024 ckpt /runs/ckpt_e14_base_seed2024/mafc_seed2024 ref /runs/e14_decomp/base_2024.json
====================================================================================================
  arm identity: per-task heads, adapters off, era checkpoints, benchmark cifar100 (artifact)
  t 0: C-ID 0.0e+00 | ceiling 0.9460 deployed 0.4300 F_frozen +0.5160 | own 0.8600 shuf 0.1860 | resid S' 0.952 | T' spread 14.19 mass 0.05 n<0.5 850/2048 | D_in 91.21 D_out 202.87 (D_out W^T max 1.6e-15)
  t 1: C-ID 0.0e+00 | ceiling 0.9760 deployed 0.2940 F_frozen +0.6820 | own 0.9380 shuf 0.1640 | resid S' 0.778 | T' spread 13.79 mass 0.05 n<0.5 839/2048 | D_in 89.92 D_out 221.97 (D_out W^T max 2.0e-15)
  t 2: C-ID 0.0e+00 | ceiling 0.9660 deployed 0.1620 F_frozen +0.8040 | own 0.9120 shuf 0.2000 | resid S' 0.751 | T' spread 14.86 mass 0.05 n<0.5 841/2048 | D_in 216.41 D_out 586.38 (D_out W^T max 1.3e-14)
  t 3: C-ID 0.0e+00 | ceiling 0.9600 deployed 0.2720 F_frozen +0.6880 | own 0.9300 shuf 0.1660 | resid S' 0.745 | T' spread 18.24 mass 0.05 n<0.5 824/2048 | D_in 5027.94 D_out 10395.86 (D_out W^T max 1.4e-13)
  t 4: C-ID 0.0e+00 | ceiling 0.9620 deployed 0.2440 F_frozen +0.7180 | own 0.9040 shuf 0.1940 | resid S' 0.735 | T' spread 14.65 mass 0.05 n<0.5 809/2048 | D_in 77.37 D_out 181.45 (D_out W^T max 1.3e-15)
  t 5: C-ID 0.0e+00 | ceiling 0.9600 deployed 0.4260 F_frozen +0.5340 | own 0.8820 shuf 0.1780 | resid S' 0.815 | T' spread 13.97 mass 0.05 n<0.5 784/2048 | D_in 97.93 D_out 206.40 (D_out W^T max 4.0e-15)
  t 6: C-ID 0.0e+00 | ceiling 0.9620 deployed 0.0820 F_frozen +0.8800 | own 0.8960 shuf 0.2080 | resid S' 0.700 | T' spread 13.50 mass 0.05 n<0.5 847/2048 | D_in 229.42 D_out 490.11 (D_out W^T max 6.9e-15)
  t 7: C-ID 0.0e+00 | ceiling 0.9460 deployed 0.4140 F_frozen +0.5320 | own 0.9040 shuf 0.2260 | resid S' 0.708 | T' spread 13.20 mass 0.05 n<0.5 815/2048 | D_in 179.05 D_out 304.71 (D_out W^T max 7.3e-15)
  t 8: C-ID 0.0e+00 | ceiling 0.9780 deployed 0.5340 F_frozen +0.4440 | own 0.9260 shuf 0.2040 | resid S' 0.667 | T' spread 13.65 mass 0.05 n<0.5 832/2048 | D_in 82.50 D_out 162.28 (D_out W^T max 1.9e-15)
  t 9: C-ID 0.0e+00 | ceiling 0.8920 deployed 0.4580 F_frozen +0.4340 | own 0.8800 shuf 0.2260 | resid S' 0.699 | T' spread 14.72 mass 0.05 n<0.5 850/2048 | D_in 103.11 D_out 196.96 (D_out W^T max 3.2e-15)
  t10: C-ID 0.0e+00 | ceiling 0.9520 deployed 0.2400 F_frozen +0.7120 | own 0.9140 shuf 0.1840 | resid S' 0.650 | T' spread 14.48 mass 0.05 n<0.5 831/2048 | D_in 181.00 D_out 607.78 (D_out W^T max 1.2e-14)
  t11: C-ID 0.0e+00 | ceiling 0.9140 deployed 0.4440 F_frozen +0.4700 | own 0.8700 shuf 0.1980 | resid S' 0.709 | T' spread 12.96 mass 0.05 n<0.5 882/2048 | D_in 111.30 D_out 226.72 (D_out W^T max 6.3e-15)
  t12: C-ID 0.0e+00 | ceiling 0.9620 deployed 0.2040 F_frozen +0.7580 | own 0.9200 shuf 0.2100 | resid S' 0.640 | T' spread 15.59 mass 0.05 n<0.5 788/2048 | D_in 233.29 D_out 579.58 (D_out W^T max 4.5e-15)
  t13: C-ID 0.0e+00 | ceiling 0.9640 deployed 0.3920 F_frozen +0.5720 | own 0.9400 shuf 0.2120 | resid S' 0.636 | T' spread 12.93 mass 0.05 n<0.5 769/2048 | D_in 82.23 D_out 174.79 (D_out W^T max 8.6e-16)
  t14: C-ID 0.0e+00 | ceiling 0.9640 deployed 0.4200 F_frozen +0.5440 | own 0.9260 shuf 0.2200 | resid S' 0.598 | T' spread 14.57 mass 0.05 n<0.5 787/2048 | D_in 75.65 D_out 167.03 (D_out W^T max 2.1e-15)
  t15: C-ID 0.0e+00 | ceiling 0.9440 deployed 0.2840 F_frozen +0.6600 | own 0.9200 shuf 0.2180 | resid S' 0.601 | T' spread 12.90 mass 0.05 n<0.5 835/2048 | D_in 81.87 D_out 168.00 (D_out W^T max 3.0e-15)
  t16: C-ID 0.0e+00 | ceiling 0.9780 deployed 0.5000 F_frozen +0.4780 | own 0.9500 shuf 0.2260 | resid S' 0.580 | T' spread 12.67 mass 0.06 n<0.5 766/2048 | D_in 68.58 D_out 141.76 (D_out W^T max 8.3e-16)
  t17: C-ID 0.0e+00 | ceiling 0.9420 deployed 0.4840 F_frozen +0.4580 | own 0.9040 shuf 0.1960 | resid S' 0.608 | T' spread 14.05 mass 0.06 n<0.5 785/2048 | D_in 80.43 D_out 156.56 (D_out W^T max 1.4e-15)
  t18: C-ID 0.0e+00 | ceiling 0.9480 deployed 0.4780 F_frozen +0.4700 | own 0.9400 shuf 0.2120 | resid S' 0.512 | T' spread 13.39 mass 0.06 n<0.5 720/2048 | D_in 66.83 D_out 135.45 (D_out W^T max 3.5e-16)
  wrote /runs/d1/e14_base/cells_seed2024.json  (C-ID max 0.0e+00)
