====================================================================================================
D1 PRETRAINED  arm=e14_base seed=1337 ckpt /runs/ckpt_e14_base_seed1337/mafc_seed1337 ref /runs/e14_decomp/base_1337.json
====================================================================================================
  arm identity: per-task heads, adapters off, era checkpoints, benchmark cifar100 (artifact)
  t 0: C-ID 0.0e+00 | ceiling 0.9800 deployed 0.2960 F_frozen +0.6840 | own 0.9440 shuf 0.2280 | resid S' 0.980 | T' spread 45.45 mass 0.04 n<0.5 913/2048 | D_in 90.35 D_out 171.71 (D_out W^T max 1.9e-15)
  t 1: C-ID 0.0e+00 | ceiling 0.9600 deployed 0.3000 F_frozen +0.6600 | own 0.9300 shuf 0.2420 | resid S' 0.714 | T' spread 45.38 mass 0.05 n<0.5 867/2048 | D_in 98.85 D_out 198.00 (D_out W^T max 3.3e-15)
  t 2: C-ID 0.0e+00 | ceiling 0.8640 deployed 0.2100 F_frozen +0.6540 | own 0.8280 shuf 0.2240 | resid S' 0.872 | T' spread 14.80 mass 0.05 n<0.5 949/2048 | D_in 92.30 D_out 158.71 (D_out W^T max 2.0e-15)
  t 3: C-ID 0.0e+00 | ceiling 0.9600 deployed 0.1420 F_frozen +0.8180 | own 0.9320 shuf 0.1940 | resid S' 0.662 | T' spread 15.03 mass 0.05 n<0.5 887/2048 | D_in 179.20 D_out 364.21 (D_out W^T max 1.2e-14)
  t 4: C-ID 0.0e+00 | ceiling 0.9800 deployed 0.2720 F_frozen +0.7080 | own 0.9540 shuf 0.2120 | resid S' 0.626 | T' spread 12.89 mass 0.05 n<0.5 882/2048 | D_in 161.79 D_out 249.67 (D_out W^T max 4.4e-15)
  t 5: C-ID 0.0e+00 | ceiling 0.8720 deployed 0.3400 F_frozen +0.5320 | own 0.8260 shuf 0.2180 | resid S' 0.734 | T' spread 13.24 mass 0.05 n<0.5 913/2048 | D_in 117.35 D_out 267.64 (D_out W^T max 5.9e-15)
  t 6: C-ID 0.0e+00 | ceiling 0.9520 deployed 0.2820 F_frozen +0.6700 | own 0.8740 shuf 0.2060 | resid S' 0.731 | T' spread 17.71 mass 0.05 n<0.5 885/2048 | D_in 138.29 D_out 251.28 (D_out W^T max 6.9e-15)
  t 7: C-ID 0.0e+00 | ceiling 0.9400 deployed 0.2140 F_frozen +0.7260 | own 0.8520 shuf 0.1880 | resid S' 0.717 | T' spread 13.35 mass 0.05 n<0.5 865/2048 | D_in 98.28 D_out 165.21 (D_out W^T max 1.7e-15)
  t 8: C-ID 0.0e+00 | ceiling 0.9520 deployed 0.0860 F_frozen +0.8660 | own 0.9060 shuf 0.2140 | resid S' 0.650 | T' spread 13.21 mass 0.05 n<0.5 833/2048 | D_in 104.00 D_out 162.06 (D_out W^T max 2.1e-15)
  t 9: C-ID 0.0e+00 | ceiling 0.9540 deployed 0.1840 F_frozen +0.7700 | own 0.9040 shuf 0.2000 | resid S' 0.635 | T' spread 13.32 mass 0.05 n<0.5 822/2048 | D_in 90.91 D_out 199.17 (D_out W^T max 4.0e-15)
  t10: C-ID 0.0e+00 | ceiling 0.9720 deployed 0.0400 F_frozen +0.9320 | own 0.9140 shuf 0.2020 | resid S' 0.608 | T' spread 14.46 mass 0.05 n<0.5 819/2048 | D_in 229.06 D_out 505.78 (D_out W^T max 1.7e-14)
  t11: C-ID 0.0e+00 | ceiling 0.8840 deployed 0.2440 F_frozen +0.6400 | own 0.8300 shuf 0.2180 | resid S' 0.679 | T' spread 13.66 mass 0.05 n<0.5 846/2048 | D_in 297.03 D_out 452.48 (D_out W^T max 1.3e-14)
  t12: C-ID 0.0e+00 | ceiling 0.9460 deployed 0.2520 F_frozen +0.6940 | own 0.8780 shuf 0.2040 | resid S' 0.652 | T' spread 13.22 mass 0.05 n<0.5 833/2048 | D_in 341.52 D_out 502.10 (D_out W^T max 8.0e-15)
  t13: C-ID 0.0e+00 | ceiling 0.9420 deployed 0.2620 F_frozen +0.6800 | own 0.9100 shuf 0.1920 | resid S' 0.597 | T' spread 17.01 mass 0.05 n<0.5 807/2048 | D_in 406.89 D_out 1183.13 (D_out W^T max 3.2e-14)
  t14: C-ID 0.0e+00 | ceiling 0.9600 deployed 0.2500 F_frozen +0.7100 | own 0.9440 shuf 0.2160 | resid S' 0.550 | T' spread 12.81 mass 0.05 n<0.5 823/2048 | D_in 92.62 D_out 155.09 (D_out W^T max 2.9e-15)
  t15: C-ID 0.0e+00 | ceiling 0.9080 deployed 0.1840 F_frozen +0.7240 | own 0.8740 shuf 0.2020 | resid S' 0.633 | T' spread 14.46 mass 0.05 n<0.5 815/2048 | D_in 130.24 D_out 201.62 (D_out W^T max 9.4e-15)
  t16: C-ID 0.0e+00 | ceiling 0.9620 deployed 0.2880 F_frozen +0.6740 | own 0.9180 shuf 0.1820 | resid S' 0.575 | T' spread 12.20 mass 0.05 n<0.5 799/2048 | D_in 107.94 D_out 171.93 (D_out W^T max 4.2e-15)
  t17: C-ID 0.0e+00 | ceiling 0.9580 deployed 0.5340 F_frozen +0.4240 | own 0.9480 shuf 0.2380 | resid S' 0.516 | T' spread 12.20 mass 0.06 n<0.5 774/2048 | D_in 75.98 D_out 134.68 (D_out W^T max 5.4e-16)
  t18: C-ID 0.0e+00 | ceiling 0.9600 deployed 0.6960 F_frozen +0.2640 | own 0.9240 shuf 0.1740 | resid S' 0.496 | T' spread 11.94 mass 0.06 n<0.5 737/2048 | D_in 73.56 D_out 127.07 (D_out W^T max 8.0e-16)
  wrote /runs/d1/e14_base/cells_seed1337.json  (C-ID max 0.0e+00)
