====================================================================================================
E12 DECOMPOSITION — arm=cil seed=42 device=cuda
====================================================================================================
  checkpoints: runs/ckpt_e12_cil_seed42/mafc_seed42
  class order fingerprint 4da9de3736a6

----------------------------------------------------------------------------------------------------
P3 GATES (re-fired on the trained ViT checkpoints, not inherited)
----------------------------------------------------------------------------------------------------
    P3a control fired: P3a FAILED CONTROL: head(captured_feature) != deployed_logits (max |delta| = 1.112e+02)...
    P3b: N/A — class-IL has a single shared readout (use_task_heads=false), so 'which head' has no referent
  catch-32 label alignment: loader order == dataset indexing, bitwise on 64 samples -> PASS
  fitting the all-seen-classes probe (100-way, all 20 train splits)
    fit on 50000 samples, 100 classes (chance 0.0100)
  T0  ceil 0.9340 orig 0.0000 refit 0.8920 refit_ceil 0.9620 | R +0.0280 F_enc +0.0700 F_read +0.8920 share  92.7% | id 0.0e+00 | fp16 d +0.0000  (39s)
  T1  ceil 0.9480 orig 0.0000 refit 0.9160 refit_ceil 0.9520 | R +0.0040 F_enc +0.0360 F_read +0.9160 share  96.2% | id 0.0e+00 | fp16 d +0.0000  (77s)
  T2  ceil 0.9300 orig 0.0000 refit 0.8640 refit_ceil 0.9460 | R +0.0160 F_enc +0.0820 F_read +0.8640 share  91.3% | id 0.0e+00 | fp16 d +0.0000  (116s)
  T3  ceil 0.9720 orig 0.0000 refit 0.9100 refit_ceil 0.9800 | R +0.0080 F_enc +0.0700 F_read +0.9100 share  92.9% | id 0.0e+00 | fp16 d +0.0000  (154s)
  T4  ceil 0.8760 orig 0.0000 refit 0.9000 refit_ceil 0.9260 | R +0.0500 F_enc +0.0260 F_read +0.9000 share  97.2% | id 0.0e+00 | fp16 d -0.0000  (194s)
  T5  ceil 0.9260 orig 0.0000 refit 0.8960 refit_ceil 0.9540 | R +0.0280 F_enc +0.0580 F_read +0.8960 share  93.9% | id 0.0e+00 | fp16 d -0.0000  (232s)
  T6  ceil 0.9380 orig 0.0000 refit 0.9660 refit_ceil 0.9740 | R +0.0360 F_enc +0.0080 F_read +0.9660 share  99.2% | id 0.0e+00 | fp16 d +0.0000  (270s)
  T7  ceil 0.9440 orig 0.0000 refit 0.9300 refit_ceil 0.9580 | R +0.0140 F_enc +0.0280 F_read +0.9300 share  97.1% | id 0.0e+00 | fp16 d +0.0000  (308s)
  T8  ceil 0.9580 orig 0.0000 refit 0.9520 refit_ceil 0.9740 | R +0.0160 F_enc +0.0220 F_read +0.9520 share  97.7% | id 0.0e+00 | fp16 d +0.0000  (347s)
  T9  ceil 0.9160 orig 0.0000 refit 0.8520 refit_ceil 0.9220 | R +0.0060 F_enc +0.0700 F_read +0.8520 share  92.4% | id 0.0e+00 | fp16 d +0.0000  (385s)
  T10 ceil 0.9420 orig 0.0000 refit 0.9460 refit_ceil 0.9640 | R +0.0220 F_enc +0.0180 F_read +0.9460 share  98.1% | id 0.0e+00 | fp16 d -0.0000  (426s)
  T11 ceil 0.9360 orig 0.0000 refit 0.9120 refit_ceil 0.9480 | R +0.0120 F_enc +0.0360 F_read +0.9120 share  96.2% | id 0.0e+00 | fp16 d -0.0000  (464s)
  T12 ceil 0.9580 orig 0.0000 refit 0.9620 refit_ceil 0.9660 | R +0.0080 F_enc +0.0040 F_read +0.9620 share  99.6% | id 0.0e+00 | fp16 d +0.0000  (502s)
  T13 ceil 0.9800 orig 0.0000 refit 0.9420 refit_ceil 0.9760 | R -0.0040 F_enc +0.0340 F_read +0.9420 share  96.5% | id 0.0e+00 | fp16 d +0.0000  (541s)
  T14 ceil 0.9720 orig 0.0000 refit 0.9720 refit_ceil 0.9840 | R +0.0120 F_enc +0.0120 F_read +0.9720 share  98.8% | id 0.0e+00 | fp16 d +0.0000  (579s)
  T15 ceil 0.9740 orig 0.0000 refit 0.9640 refit_ceil 0.9800 | R +0.0060 F_enc +0.0160 F_read +0.9640 share  98.4% | id 0.0e+00 | fp16 d -0.0000  (617s)
  T16 ceil 0.9420 orig 0.0000 refit 0.9360 refit_ceil 0.9600 | R +0.0180 F_enc +0.0240 F_read +0.9360 share  97.5% | id 0.0e+00 | fp16 d -0.0000  (655s)
  T17 ceil 0.9740 orig 0.0000 refit 0.9720 refit_ceil 0.9820 | R +0.0080 F_enc +0.0100 F_read +0.9720 share  99.0% | id 0.0e+00 | fp16 d -0.0000  (693s)
  T18 ceil 0.9440 orig 0.0020 refit 0.9700 refit_ceil 0.9600 | R +0.0160 F_enc -0.0100 F_read +0.9680 share 101.0% | id 0.0e+00 | fp16 d +0.0000  (731s)

====================================================================================================
  identity   max |F_enc + F_read - R - F_total| = 0.00e+00 -> OK
  P3a        max |head(feature) - logits| = 0.00e+00
  fp16 reload delta vs stored boundary: mean -0.00000  max |d| 0.00000  (boundary-time value is authoritative)
  R (pooled) +0.0160 vs bar 0.05 -> PASS
  F_total 0.9454  F_enc 0.0323  F_read 0.9291  reader share 96.6%
  task-0: ceiling 0.9340 -> deployed 0.0000 -> REFIT 0.8920
  wrote /runs/e12_decomp_cil_v3/cil_42.json
