====================================================================================================
D1 FIT  arm=e18_pmd_lstm kind=permuted probe seed 20260916 lambdas [0.0001, 0.001, 0.01] (main 0.001)
====================================================================================================
  s42/t0: C-ID 0.0e+00 | ceiling 0.9650 deployed 0.1570 | own 0.9430 deploy 0.9360 shuf 0.0765 | old-frame own 0.7310 deploy 0.6950 | resid S 0.402 S' 0.663 | T' spread 13.77 mass 0.05 sig_d 0.000 | D_in 9.95 D_out 23.97 (D_out W^T max 2.1e-15) | F_enc +0.2330 relaid +0.0285 | refit-old vs ref +0.0000
  s42/t1: C-ID 0.0e+00 | ceiling 0.9135 deployed 0.1500 | own 0.9285 deploy 0.9230 shuf 0.0790 | old-frame own 0.7305 deploy 0.7000 | resid S 0.457 S' 0.607 | T' spread 11.98 mass 0.04 sig_d 0.000 | D_in 10.38 D_out 22.61 (D_out W^T max 1.7e-15) | F_enc +0.1945 relaid -0.0085 | refit-old vs ref +0.0000
  s42/t2: C-ID 0.0e+00 | ceiling 0.9320 deployed 0.1910 | own 0.9405 deploy 0.9370 shuf 0.0915 | old-frame own 0.7425 deploy 0.7350 | resid S 0.473 S' 0.604 | T' spread 11.15 mass 0.03 sig_d 0.000 | D_in 10.19 D_out 21.00 (D_out W^T max 3.5e-15) | F_enc +0.1910 relaid +0.0115 | refit-old vs ref +0.0000
  s42/t3: C-ID 0.0e+00 | ceiling 0.9410 deployed 0.3975 | own 0.9340 deploy 0.9310 shuf 0.1100 | old-frame own 0.8180 deploy 0.8185 | resid S 0.464 S' 0.529 | T' spread 11.00 mass 0.04 sig_d 0.000 | D_in 22.75 D_out 32.63 (D_out W^T max 4.0e-14) | F_enc +0.1085 relaid +0.0190 | refit-old vs ref +0.0000
  transfer (rows j = map, cols k = task; re-laid, h_k):
     0.943  0.932  0.947  0.934
     0.925  0.928  0.936  0.922
     0.931  0.929  0.941  0.930
     0.934  0.936  0.941  0.934
  wrote /runs/d1/e18_pmd_lstm/fits_seed42.npz, cells_seed42.json
  s1337/t0: C-ID 0.0e+00 | ceiling 0.9595 deployed 0.1085 | own 0.9395 deploy 0.9310 shuf 0.1020 | old-frame own 0.7245 deploy 0.7075 | resid S 0.390 S' 0.640 | T' spread 10.06 mass 0.04 sig_d 0.000 | D_in 9.78 D_out 25.40 (D_out W^T max 1.6e-15) | F_enc +0.2000 relaid +0.0335 | refit-old vs ref +0.0000
  s1337/t1: C-ID 0.0e+00 | ceiling 0.9135 deployed 0.0935 | own 0.9345 deploy 0.9345 shuf 0.1465 | old-frame own 0.7775 deploy 0.7595 | resid S 0.459 S' 0.589 | T' spread 11.77 mass 0.04 sig_d 0.000 | D_in 8.08 D_out 21.64 (D_out W^T max 1.6e-15) | F_enc +0.1320 relaid -0.0130 | refit-old vs ref +0.0000
  s1337/t2: C-ID 0.0e+00 | ceiling 0.9340 deployed 0.1530 | own 0.9375 deploy 0.9370 shuf 0.0900 | old-frame own 0.7665 deploy 0.7485 | resid S 0.481 S' 0.602 | T' spread 10.24 mass 0.03 sig_d 0.000 | D_in 8.45 D_out 20.97 (D_out W^T max 4.0e-15) | F_enc +0.1665 relaid +0.0025 | refit-old vs ref +0.0000
  s1337/t3: C-ID 0.0e+00 | ceiling 0.9405 deployed 0.3335 | own 0.9395 deploy 0.9400 shuf 0.1010 | old-frame own 0.8330 deploy 0.8250 | resid S 0.483 S' 0.549 | T' spread 8.68 mass 0.05 sig_d 0.001 | D_in 7.56 D_out 19.08 (D_out W^T max 2.7e-15) | F_enc +0.1125 relaid +0.0210 | refit-old vs ref +0.0000
  transfer (rows j = map, cols k = task; re-laid, h_k):
     0.940  0.933  0.926  0.932
     0.912  0.934  0.932  0.931
     0.910  0.933  0.938  0.937
     0.924  0.938  0.932  0.940
  wrote /runs/d1/e18_pmd_lstm/fits_seed1337.npz, cells_seed1337.json
  s2024/t0: C-ID 0.0e+00 | ceiling 0.9580 deployed 0.1000 | own 0.9310 deploy 0.9290 shuf 0.1035 | old-frame own 0.7040 deploy 0.6765 | resid S 0.414 S' 0.688 | T' spread 12.86 mass 0.05 sig_d 0.000 | D_in 9.22 D_out 23.19 (D_out W^T max 1.8e-15) | F_enc +0.2350 relaid +0.0350 | refit-old vs ref +0.0000
  s2024/t1: C-ID 0.0e+00 | ceiling 0.9120 deployed 0.1430 | own 0.9330 deploy 0.9310 shuf 0.0970 | old-frame own 0.7365 deploy 0.7395 | resid S 0.464 S' 0.607 | T' spread 10.03 mass 0.04 sig_d 0.000 | D_in 10.15 D_out 23.28 (D_out W^T max 6.4e-15) | F_enc +0.1680 relaid -0.0120 | refit-old vs ref +0.0000
  s2024/t2: C-ID 0.0e+00 | ceiling 0.9195 deployed 0.1435 | own 0.9430 deploy 0.9430 shuf 0.0975 | old-frame own 0.7300 deploy 0.7185 | resid S 0.462 S' 0.634 | T' spread 10.22 mass 0.03 sig_d 0.000 | D_in 9.55 D_out 21.18 (D_out W^T max 3.3e-15) | F_enc +0.1905 relaid +0.0025 | refit-old vs ref +0.0000
  s2024/t3: C-ID 0.0e+00 | ceiling 0.9290 deployed 0.3735 | own 0.9340 deploy 0.9315 shuf 0.1250 | old-frame own 0.8075 deploy 0.8015 | resid S 0.475 S' 0.560 | T' spread 11.76 mass 0.05 sig_d 0.000 | D_in 8.23 D_out 19.35 (D_out W^T max 2.4e-15) | F_enc +0.1300 relaid +0.0095 | refit-old vs ref +0.0000
  transfer (rows j = map, cols k = task; re-laid, h_k):
     0.931  0.935  0.944  0.927
     0.898  0.933  0.935  0.922
     0.923  0.940  0.943  0.927
     0.925  0.938  0.941  0.934
  wrote /runs/d1/e18_pmd_lstm/fits_seed2024.npz, cells_seed2024.json
