====================================================================================================
D1 PRETRAINED  arm=e12_base seed=42 ckpt /runs/ckpt_e12_base_seed42/mafc_seed42 ref /runs/e12_decomp_v2/base_42.json
====================================================================================================
  arm identity: per-task heads, adapters off, era checkpoints, benchmark cifar100 (artifact)
  t 0: C-ID 0.0e+00 | ceiling 0.9300 deployed 0.1140 F_frozen +0.8160 | own 0.8080 shuf 0.2120 | resid S' 0.589 | T' spread 27.02 mass 0.02 n<0.5 650/768 | D_in 21.51 D_out 33.71 (D_out W^T max 1.9e-16)
  t 1: C-ID 0.0e+00 | ceiling 0.9320 deployed 0.1600 F_frozen +0.7720 | own 0.8060 shuf 0.2060 | resid S' 0.561 | T' spread 26.74 mass 0.03 n<0.5 572/768 | D_in 30.65 D_out 39.63 (D_out W^T max 3.3e-16)
  t 2: C-ID 0.0e+00 | ceiling 0.9040 deployed 0.2020 F_frozen +0.7020 | own 0.7860 shuf 0.2100 | resid S' 0.550 | T' spread 30.85 mass 0.03 n<0.5 585/768 | D_in 30.40 D_out 38.34 (D_out W^T max 1.7e-16)
  t 3: C-ID 0.0e+00 | ceiling 0.9560 deployed 0.3160 F_frozen +0.6400 | own 0.8600 shuf 0.1920 | resid S' 0.527 | T' spread 27.57 mass 0.03 n<0.5 548/768 | D_in 34.09 D_out 41.42 (D_out W^T max 2.1e-16)
  t 4: C-ID 0.0e+00 | ceiling 0.9300 deployed 0.0920 F_frozen +0.8380 | own 0.8380 shuf 0.1980 | resid S' 0.501 | T' spread 27.77 mass 0.04 n<0.5 527/768 | D_in 37.37 D_out 43.79 (D_out W^T max 2.2e-16)
  t 5: C-ID 0.0e+00 | ceiling 0.9560 deployed 0.1960 F_frozen +0.7600 | own 0.8420 shuf 0.2020 | resid S' 0.526 | T' spread 27.01 mass 0.04 n<0.5 530/768 | D_in 38.93 D_out 44.17 (D_out W^T max 2.6e-16)
  t 6: C-ID 0.0e+00 | ceiling 0.9600 deployed 0.2340 F_frozen +0.7260 | own 0.8920 shuf 0.2100 | resid S' 0.468 | T' spread 29.82 mass 0.04 n<0.5 498/768 | D_in 45.17 D_out 48.67 (D_out W^T max 2.8e-16)
  t 7: C-ID 0.0e+00 | ceiling 0.9280 deployed 0.1520 F_frozen +0.7760 | own 0.8360 shuf 0.1640 | resid S' 0.514 | T' spread 27.83 mass 0.04 n<0.5 490/768 | D_in 43.71 D_out 48.58 (D_out W^T max 3.8e-16)
  t 8: C-ID 0.0e+00 | ceiling 0.9380 deployed 0.3060 F_frozen +0.6320 | own 0.8920 shuf 0.2280 | resid S' 0.405 | T' spread 27.23 mass 0.05 n<0.5 480/768 | D_in 43.64 D_out 49.11 (D_out W^T max 3.2e-16)
  t 9: C-ID 0.0e+00 | ceiling 0.8660 deployed 0.2960 F_frozen +0.5700 | own 0.8400 shuf 0.1960 | resid S' 0.429 | T' spread 27.04 mass 0.05 n<0.5 479/768 | D_in 46.30 D_out 50.70 (D_out W^T max 2.7e-16)
  t10: C-ID 0.0e+00 | ceiling 0.9460 deployed 0.0760 F_frozen +0.8700 | own 0.8820 shuf 0.1560 | resid S' 0.421 | T' spread 24.41 mass 0.05 n<0.5 449/768 | D_in 52.30 D_out 55.85 (D_out W^T max 3.1e-16)
  t11: C-ID 0.0e+00 | ceiling 0.9000 deployed 0.1920 F_frozen +0.7080 | own 0.8680 shuf 0.1820 | resid S' 0.426 | T' spread 30.53 mass 0.05 n<0.5 457/768 | D_in 49.53 D_out 53.48 (D_out W^T max 5.6e-16)
  t12: C-ID 0.0e+00 | ceiling 0.9420 deployed 0.1780 F_frozen +0.7640 | own 0.9260 shuf 0.2160 | resid S' 0.377 | T' spread 26.64 mass 0.05 n<0.5 449/768 | D_in 54.60 D_out 56.47 (D_out W^T max 6.9e-16)
  t13: C-ID 0.0e+00 | ceiling 0.9440 deployed 0.2060 F_frozen +0.7380 | own 0.8940 shuf 0.1520 | resid S' 0.377 | T' spread 27.17 mass 0.05 n<0.5 440/768 | D_in 53.72 D_out 56.47 (D_out W^T max 3.4e-16)
  t14: C-ID 0.0e+00 | ceiling 0.9720 deployed 0.2460 F_frozen +0.7260 | own 0.9340 shuf 0.1620 | resid S' 0.389 | T' spread 27.57 mass 0.05 n<0.5 435/768 | D_in 52.64 D_out 56.80 (D_out W^T max 3.7e-16)
  t15: C-ID 0.0e+00 | ceiling 0.9540 deployed 0.1660 F_frozen +0.7880 | own 0.9460 shuf 0.2200 | resid S' 0.330 | T' spread 26.57 mass 0.05 n<0.5 427/768 | D_in 57.29 D_out 58.88 (D_out W^T max 2.9e-16)
  t16: C-ID 0.0e+00 | ceiling 0.8920 deployed 0.1260 F_frozen +0.7660 | own 0.8740 shuf 0.1520 | resid S' 0.421 | T' spread 27.47 mass 0.05 n<0.5 437/768 | D_in 56.39 D_out 57.24 (D_out W^T max 3.5e-16)
  t17: C-ID 0.0e+00 | ceiling 0.9720 deployed 0.1700 F_frozen +0.8020 | own 0.9560 shuf 0.1860 | resid S' 0.308 | T' spread 28.86 mass 0.06 n<0.5 402/768 | D_in 62.57 D_out 62.48 (D_out W^T max 4.2e-16)
  t18: C-ID 0.0e+00 | ceiling 0.9520 deployed 0.5300 F_frozen +0.4220 | own 0.9320 shuf 0.1880 | resid S' 0.316 | T' spread 26.22 mass 0.06 n<0.5 416/768 | D_in 48.69 D_out 51.62 (D_out W^T max 4.4e-16)
  wrote /runs/d1/e12_base/cells_seed42.json  (C-ID max 0.0e+00)
