====================================================================================================
D1 PRETRAINED  arm=e12_base seed=1337 ckpt /runs/ckpt_e12_base_seed1337/mafc_seed1337 ref /runs/e12_decomp_v2/base_1337.json
====================================================================================================
  arm identity: per-task heads, adapters off, era checkpoints, benchmark cifar100 (artifact)
  t 0: C-ID 0.0e+00 | ceiling 0.9580 deployed 0.1620 F_frozen +0.7960 | own 0.9080 shuf 0.1900 | resid S' 0.503 | T' spread 26.59 mass 0.02 n<0.5 656/768 | D_in 24.02 D_out 35.25 (D_out W^T max 1.8e-16)
  t 1: C-ID 0.0e+00 | ceiling 0.9800 deployed 0.4060 F_frozen +0.5740 | own 0.9460 shuf 0.2260 | resid S' 0.397 | T' spread 27.60 mass 0.03 n<0.5 551/768 | D_in 40.06 D_out 45.91 (D_out W^T max 2.6e-16)
  t 2: C-ID 0.0e+00 | ceiling 0.9400 deployed 0.2200 F_frozen +0.7200 | own 0.8020 shuf 0.1720 | resid S' 0.571 | T' spread 21.52 mass 0.03 n<0.5 599/768 | D_in 32.49 D_out 40.77 (D_out W^T max 1.8e-16)
  t 3: C-ID 0.0e+00 | ceiling 0.9720 deployed 0.1000 F_frozen +0.8720 | own 0.9480 shuf 0.2340 | resid S' 0.432 | T' spread 31.27 mass 0.03 n<0.5 561/768 | D_in 40.48 D_out 46.39 (D_out W^T max 1.9e-16)
  t 4: C-ID 0.0e+00 | ceiling 0.9740 deployed 0.2960 F_frozen +0.6780 | own 0.9700 shuf 0.1800 | resid S' 0.340 | T' spread 27.23 mass 0.04 n<0.5 530/768 | D_in 46.51 D_out 50.75 (D_out W^T max 2.4e-16)
  t 5: C-ID 0.0e+00 | ceiling 0.8940 deployed 0.3160 F_frozen +0.5780 | own 0.8180 shuf 0.1800 | resid S' 0.473 | T' spread 26.93 mass 0.04 n<0.5 507/768 | D_in 51.12 D_out 55.66 (D_out W^T max 4.6e-16)
  t 6: C-ID 0.0e+00 | ceiling 0.9520 deployed 0.2220 F_frozen +0.7300 | own 0.8600 shuf 0.1980 | resid S' 0.457 | T' spread 28.27 mass 0.04 n<0.5 536/768 | D_in 43.00 D_out 48.34 (D_out W^T max 2.3e-16)
  t 7: C-ID 0.0e+00 | ceiling 0.9400 deployed 0.1760 F_frozen +0.7640 | own 0.8640 shuf 0.2140 | resid S' 0.428 | T' spread 28.65 mass 0.04 n<0.5 499/768 | D_in 54.51 D_out 56.97 (D_out W^T max 3.1e-16)
  t 8: C-ID 0.0e+00 | ceiling 0.9560 deployed 0.0720 F_frozen +0.8840 | own 0.9340 shuf 0.1960 | resid S' 0.347 | T' spread 28.50 mass 0.04 n<0.5 477/768 | D_in 56.27 D_out 59.78 (D_out W^T max 2.7e-16)
  t 9: C-ID 0.0e+00 | ceiling 0.9660 deployed 0.0940 F_frozen +0.8720 | own 0.9280 shuf 0.2100 | resid S' 0.389 | T' spread 27.03 mass 0.04 n<0.5 492/768 | D_in 52.79 D_out 55.85 (D_out W^T max 4.4e-16)
  t10: C-ID 0.0e+00 | ceiling 0.9600 deployed 0.0740 F_frozen +0.8860 | own 0.9260 shuf 0.2040 | resid S' 0.348 | T' spread 30.10 mass 0.05 n<0.5 465/768 | D_in 61.30 D_out 63.00 (D_out W^T max 4.4e-16)
  t11: C-ID 0.0e+00 | ceiling 0.8940 deployed 0.1860 F_frozen +0.7080 | own 0.8580 shuf 0.2160 | resid S' 0.390 | T' spread 29.43 mass 0.04 n<0.5 487/768 | D_in 52.81 D_out 56.22 (D_out W^T max 2.6e-16)
  t12: C-ID 0.0e+00 | ceiling 0.9140 deployed 0.2720 F_frozen +0.6420 | own 0.8660 shuf 0.2160 | resid S' 0.443 | T' spread 27.68 mass 0.05 n<0.5 451/768 | D_in 68.33 D_out 68.28 (D_out W^T max 3.9e-16)
  t13: C-ID 0.0e+00 | ceiling 0.9020 deployed 0.1900 F_frozen +0.7120 | own 0.8740 shuf 0.1820 | resid S' 0.405 | T' spread 27.81 mass 0.05 n<0.5 455/768 | D_in 66.22 D_out 65.29 (D_out W^T max 3.9e-16)
  t14: C-ID 0.0e+00 | ceiling 0.9540 deployed 0.1440 F_frozen +0.8100 | own 0.9180 shuf 0.2100 | resid S' 0.371 | T' spread 27.66 mass 0.05 n<0.5 441/768 | D_in 70.26 D_out 70.50 (D_out W^T max 3.9e-16)
  t15: C-ID 0.0e+00 | ceiling 0.8940 deployed 0.1500 F_frozen +0.7440 | own 0.8620 shuf 0.2100 | resid S' 0.390 | T' spread 27.99 mass 0.05 n<0.5 436/768 | D_in 72.00 D_out 71.39 (D_out W^T max 3.3e-16)
  t16: C-ID 0.0e+00 | ceiling 0.9180 deployed 0.1920 F_frozen +0.7260 | own 0.9040 shuf 0.2160 | resid S' 0.386 | T' spread 27.50 mass 0.05 n<0.5 442/768 | D_in 69.52 D_out 69.87 (D_out W^T max 5.8e-16)
  t17: C-ID 0.0e+00 | ceiling 0.9280 deployed 0.3140 F_frozen +0.6140 | own 0.9320 shuf 0.2140 | resid S' 0.327 | T' spread 27.49 mass 0.05 n<0.5 416/768 | D_in 71.39 D_out 70.35 (D_out W^T max 4.9e-16)
  t18: C-ID 0.0e+00 | ceiling 0.9360 deployed 0.5540 F_frozen +0.3820 | own 0.9280 shuf 0.1880 | resid S' 0.311 | T' spread 28.40 mass 0.06 n<0.5 403/768 | D_in 68.05 D_out 67.69 (D_out W^T max 3.8e-16)
  wrote /runs/d1/e12_base/cells_seed1337.json  (C-ID max 0.0e+00)
