====================================================================================================
D1 PRETRAINED  arm=e12_base seed=2024 ckpt /runs/ckpt_e12_base_seed2024/mafc_seed2024 ref /runs/e12_decomp_v2/base_2024.json
====================================================================================================
  arm identity: per-task heads, adapters off, era checkpoints, benchmark cifar100 (artifact)
  t 0: C-ID 0.0e+00 | ceiling 0.9120 deployed 0.3960 F_frozen +0.5160 | own 0.8500 shuf 0.1880 | resid S' 0.575 | T' spread 26.21 mass 0.01 n<0.5 677/768 | D_in 22.63 D_out 32.37 (D_out W^T max 1.1e-16)
  t 1: C-ID 0.0e+00 | ceiling 0.9620 deployed 0.1940 F_frozen +0.7680 | own 0.9420 shuf 0.1860 | resid S' 0.421 | T' spread 28.68 mass 0.02 n<0.5 640/768 | D_in 28.49 D_out 34.93 (D_out W^T max 4.1e-16)
  t 2: C-ID 0.0e+00 | ceiling 0.9320 deployed 0.1420 F_frozen +0.7900 | own 0.9180 shuf 0.1620 | resid S' 0.436 | T' spread 24.19 mass 0.03 n<0.5 595/768 | D_in 37.56 D_out 38.95 (D_out W^T max 2.3e-16)
  t 3: C-ID 0.0e+00 | ceiling 0.9600 deployed 0.1420 F_frozen +0.8180 | own 0.9180 shuf 0.1780 | resid S' 0.498 | T' spread 27.39 mass 0.03 n<0.5 593/768 | D_in 37.89 D_out 39.35 (D_out W^T max 1.9e-16)
  t 4: C-ID 0.0e+00 | ceiling 0.9360 deployed 0.2360 F_frozen +0.7000 | own 0.9020 shuf 0.2020 | resid S' 0.447 | T' spread 28.86 mass 0.04 n<0.5 561/768 | D_in 41.62 D_out 42.66 (D_out W^T max 2.8e-16)
  t 5: C-ID 0.0e+00 | ceiling 0.9560 deployed 0.2660 F_frozen +0.6900 | own 0.9040 shuf 0.2100 | resid S' 0.456 | T' spread 28.56 mass 0.04 n<0.5 509/768 | D_in 54.83 D_out 50.31 (D_out W^T max 2.8e-16)
  t 6: C-ID 0.0e+00 | ceiling 0.9440 deployed 0.0980 F_frozen +0.8460 | own 0.9040 shuf 0.1820 | resid S' 0.421 | T' spread 27.64 mass 0.04 n<0.5 523/768 | D_in 50.51 D_out 47.19 (D_out W^T max 4.0e-16)
  t 7: C-ID 0.0e+00 | ceiling 0.9460 deployed 0.3080 F_frozen +0.6380 | own 0.9060 shuf 0.1720 | resid S' 0.357 | T' spread 27.81 mass 0.04 n<0.5 510/768 | D_in 48.40 D_out 47.76 (D_out W^T max 2.6e-16)
  t 8: C-ID 0.0e+00 | ceiling 0.9600 deployed 0.3320 F_frozen +0.6280 | own 0.9120 shuf 0.1920 | resid S' 0.394 | T' spread 26.44 mass 0.04 n<0.5 509/768 | D_in 52.66 D_out 48.43 (D_out W^T max 4.4e-16)
  t 9: C-ID 0.0e+00 | ceiling 0.9040 deployed 0.4740 F_frozen +0.4300 | own 0.8960 shuf 0.1940 | resid S' 0.294 | T' spread 27.54 mass 0.04 n<0.5 514/768 | D_in 50.59 D_out 48.82 (D_out W^T max 3.1e-16)
  t10: C-ID 0.0e+00 | ceiling 0.9500 deployed 0.2060 F_frozen +0.7440 | own 0.8900 shuf 0.2120 | resid S' 0.361 | T' spread 26.58 mass 0.04 n<0.5 501/768 | D_in 51.55 D_out 49.78 (D_out W^T max 3.6e-16)
  t11: C-ID 0.0e+00 | ceiling 0.8680 deployed 0.3860 F_frozen +0.4820 | own 0.8640 shuf 0.2560 | resid S' 0.407 | T' spread 22.30 mass 0.04 n<0.5 512/768 | D_in 51.80 D_out 47.89 (D_out W^T max 3.3e-16)
  t12: C-ID 0.0e+00 | ceiling 0.9160 deployed 0.1420 F_frozen +0.7740 | own 0.8980 shuf 0.1760 | resid S' 0.340 | T' spread 28.67 mass 0.05 n<0.5 472/768 | D_in 64.27 D_out 57.06 (D_out W^T max 3.6e-16)
  t13: C-ID 0.0e+00 | ceiling 0.9640 deployed 0.2060 F_frozen +0.7580 | own 0.9380 shuf 0.2080 | resid S' 0.333 | T' spread 27.36 mass 0.05 n<0.5 449/768 | D_in 69.72 D_out 60.86 (D_out W^T max 7.1e-16)
  t14: C-ID 0.0e+00 | ceiling 0.9280 deployed 0.2220 F_frozen +0.7060 | own 0.9100 shuf 0.2100 | resid S' 0.343 | T' spread 27.81 mass 0.05 n<0.5 463/768 | D_in 67.89 D_out 57.50 (D_out W^T max 1.1e-15)
  t15: C-ID 0.0e+00 | ceiling 0.9080 deployed 0.1960 F_frozen +0.7120 | own 0.8980 shuf 0.1960 | resid S' 0.364 | T' spread 29.12 mass 0.05 n<0.5 468/768 | D_in 59.93 D_out 54.41 (D_out W^T max 3.4e-16)
  t16: C-ID 0.0e+00 | ceiling 0.9500 deployed 0.1300 F_frozen +0.8200 | own 0.9400 shuf 0.1920 | resid S' 0.357 | T' spread 28.68 mass 0.05 n<0.5 438/768 | D_in 73.12 D_out 62.05 (D_out W^T max 4.4e-16)
  t17: C-ID 0.0e+00 | ceiling 0.9200 deployed 0.2680 F_frozen +0.6520 | own 0.9060 shuf 0.1840 | resid S' 0.323 | T' spread 29.17 mass 0.05 n<0.5 455/768 | D_in 60.37 D_out 53.94 (D_out W^T max 4.3e-16)
  t18: C-ID 0.0e+00 | ceiling 0.9100 deployed 0.2400 F_frozen +0.6700 | own 0.9080 shuf 0.1880 | resid S' 0.291 | T' spread 26.64 mass 0.05 n<0.5 458/768 | D_in 59.13 D_out 52.59 (D_out W^T max 2.6e-16)
  wrote /runs/d1/e12_base/cells_seed2024.json  (C-ID max 0.0e+00)
